// Jest Snapshot v1, https://goo.gl/fbAQLP

exports[`Search Console Test Suite It must render the component correcly 1`] = `
<DocumentFragment>
  <main
    class="ant-layout-content"
    style="width: 70%; margin: 50px auto; background-color: white; flex-direction: column; justify-content: center; align-items: center;"
  >
    <h1>
      G🅾️🅾️🇬le Do Follow 👉 SEARCH 🔍 📙
    </h1>
    <span
      class="ant-input-group-wrapper ant-input-search ant-input-search-large ant-input-search-with-button ant-input-group-wrapper-lg"
    >
      <span
        class="ant-input-wrapper ant-input-group"
      >
        <span
          class="ant-input-affix-wrapper ant-input-affix-wrapper-lg"
        >
          <input
            class="ant-input ant-input-lg"
            placeholder="Type the long keyword"
            type="text"
            value=""
          />
          <span
            class="ant-input-suffix"
          >
            <span
              class="ant-input-clear-icon ant-input-clear-icon-hidden"
              role="button"
              tabindex="-1"
            >
              <span
                aria-label="close-circle"
                class="anticon anticon-close-circle"
                role="img"
              >
                <svg
                  aria-hidden="true"
                  data-icon="close-circle"
                  fill="currentColor"
                  focusable="false"
                  height="1em"
                  viewBox="64 64 896 896"
                  width="1em"
                >
                  <path
                    d="M512 64C264.6 64 64 264.6 64 512s200.6 448 448 448 448-200.6 448-448S759.4 64 512 64zm165.4 618.2l-66-.3L512 563.4l-99.3 118.4-66.1.3c-4.4 0-8-3.5-8-8 0-1.9.7-3.7 1.9-5.2l130.1-155L340.5 359a8.32 8.32 0 01-1.9-5.2c0-4.4 3.6-8 8-8l66.1.3L512 464.6l99.3-118.4 66-.3c4.4 0 8 3.5 8 8 0 1.9-.7 3.7-1.9 5.2L553.5 514l130 155c1.2 1.5 1.9 3.3 1.9 5.2 0 4.4-3.6 8-8 8z"
                  />
                </svg>
              </span>
            </span>
          </span>
        </span>
        <span
          class="ant-input-group-addon"
        >
          <button
            class="ant-btn ant-btn-primary ant-btn-lg ant-input-search-button"
            type="button"
          >
            <span>
              Search
            </span>
          </button>
        </span>
      </span>
    </span>
  </main>
</DocumentFragment>
`;
